running egg_info
writing ../../build/dual_arm_demo/dual_arm_demo.egg-info/PKG-INFO
writing dependency_links to ../../build/dual_arm_demo/dual_arm_demo.egg-info/dependency_links.txt
writing entry points to ../../build/dual_arm_demo/dual_arm_demo.egg-info/entry_points.txt
writing requirements to ../../build/dual_arm_demo/dual_arm_demo.egg-info/requires.txt
writing top-level names to ../../build/dual_arm_demo/dual_arm_demo.egg-info/top_level.txt
reading manifest file '../../build/dual_arm_demo/dual_arm_demo.egg-info/SOURCES.txt'
writing manifest file '../../build/dual_arm_demo/dual_arm_demo.egg-info/SOURCES.txt'
running build
running build_py
copying dual_arm_demo/dual_arm_publisher.py -> /home/look/ros2_ws/build/dual_arm_demo/build/lib/dual_arm_demo
running install
running install_lib
copying /home/look/ros2_ws/build/dual_arm_demo/build/lib/dual_arm_demo/dual_arm_publisher.py -> /home/look/ros2_ws/install/dual_arm_demo/lib/python3.12/site-packages/dual_arm_demo
byte-compiling /home/look/ros2_ws/install/dual_arm_demo/lib/python3.12/site-packages/dual_arm_demo/dual_arm_publisher.py to dual_arm_publisher.cpython-312.pyc
running install_data
running install_egg_info
removing '/home/look/ros2_ws/install/dual_arm_demo/lib/python3.12/site-packages/dual_arm_demo-0.0.0-py3.12.egg-info' (and everything under it)
Copying ../../build/dual_arm_demo/dual_arm_demo.egg-info to /home/look/ros2_ws/install/dual_arm_demo/lib/python3.12/site-packages/dual_arm_demo-0.0.0-py3.12.egg-info
running install_scripts
Installing dual_arm_publisher script to /home/look/ros2_ws/install/dual_arm_demo/lib/dual_arm_demo
Installing getAB script to /home/look/ros2_ws/install/dual_arm_demo/lib/dual_arm_demo
Installing joint_points_player script to /home/look/ros2_ws/install/dual_arm_demo/lib/dual_arm_demo
Installing pvt_player script to /home/look/ros2_ws/install/dual_arm_demo/lib/dual_arm_demo
writing list of installed files to '/home/look/ros2_ws/build/dual_arm_demo/install.log'
