running develop
running egg_info
creating dual_arm_demo.egg-info
writing dual_arm_demo.egg-info/PKG-INFO
writing dependency_links to dual_arm_demo.egg-info/dependency_links.txt
writing entry points to dual_arm_demo.egg-info/entry_points.txt
writing requirements to dual_arm_demo.egg-info/requires.txt
writing top-level names to dual_arm_demo.egg-info/top_level.txt
writing manifest file 'dual_arm_demo.egg-info/SOURCES.txt'
reading manifest file 'dual_arm_demo.egg-info/SOURCES.txt'
writing manifest file 'dual_arm_demo.egg-info/SOURCES.txt'
running build_ext
Creating /home/look/ros2_ws/install/dual_arm_demo/lib/python3.12/site-packages/dual-arm-demo.egg-link (link to .)
Installing dual_arm_publisher script to /home/look/ros2_ws/install/dual_arm_demo/lib/dual_arm_demo

Installed /home/look/ros2_ws/build/dual_arm_demo
running symlink_data
creating /home/look/ros2_ws/install/dual_arm_demo/share/ament_index
creating /home/look/ros2_ws/install/dual_arm_demo/share/ament_index/resource_index
creating /home/look/ros2_ws/install/dual_arm_demo/share/ament_index/resource_index/packages
symbolically linking /home/look/ros2_ws/build/dual_arm_demo/resource/dual_arm_demo -> /home/look/ros2_ws/install/dual_arm_demo/share/ament_index/resource_index/packages
symbolically linking /home/look/ros2_ws/build/dual_arm_demo/package.xml -> /home/look/ros2_ws/install/dual_arm_demo/share/dual_arm_demo
creating /home/look/ros2_ws/install/dual_arm_demo/share/dual_arm_demo/launch
symbolically linking /home/look/ros2_ws/build/dual_arm_demo/launch/dual_arm_rviz.launch.py -> /home/look/ros2_ws/install/dual_arm_demo/share/dual_arm_demo/launch
creating /home/look/ros2_ws/install/dual_arm_demo/share/dual_arm_demo/urdf
symbolically linking /home/look/ros2_ws/build/dual_arm_demo/urdf/marvin_m6_l.urdf -> /home/look/ros2_ws/install/dual_arm_demo/share/dual_arm_demo/urdf
symbolically linking /home/look/ros2_ws/build/dual_arm_demo/urdf/marvin_m6_r.urdf -> /home/look/ros2_ws/install/dual_arm_demo/share/dual_arm_demo/urdf
creating /home/look/ros2_ws/install/dual_arm_demo/share/dual_arm_demo/meshes
creating /home/look/ros2_ws/install/dual_arm_demo/share/dual_arm_demo/meshes/left_arm
symbolically linking /home/look/ros2_ws/build/dual_arm_demo/meshes/left_arm/Base_L.STL -> /home/look/ros2_ws/install/dual_arm_demo/share/dual_arm_demo/meshes/left_arm
symbolically linking /home/look/ros2_ws/build/dual_arm_demo/meshes/left_arm/Link1_L.STL -> /home/look/ros2_ws/install/dual_arm_demo/share/dual_arm_demo/meshes/left_arm
symbolically linking /home/look/ros2_ws/build/dual_arm_demo/meshes/left_arm/Link2_L.STL -> /home/look/ros2_ws/install/dual_arm_demo/share/dual_arm_demo/meshes/left_arm
symbolically linking /home/look/ros2_ws/build/dual_arm_demo/meshes/left_arm/Link3_L.STL -> /home/look/ros2_ws/install/dual_arm_demo/share/dual_arm_demo/meshes/left_arm
symbolically linking /home/look/ros2_ws/build/dual_arm_demo/meshes/left_arm/Link4_L.STL -> /home/look/ros2_ws/install/dual_arm_demo/share/dual_arm_demo/meshes/left_arm
symbolically linking /home/look/ros2_ws/build/dual_arm_demo/meshes/left_arm/Link5_L.STL -> /home/look/ros2_ws/install/dual_arm_demo/share/dual_arm_demo/meshes/left_arm
symbolically linking /home/look/ros2_ws/build/dual_arm_demo/meshes/left_arm/Link6_L.STL -> /home/look/ros2_ws/install/dual_arm_demo/share/dual_arm_demo/meshes/left_arm
symbolically linking /home/look/ros2_ws/build/dual_arm_demo/meshes/left_arm/Link7_L.STL -> /home/look/ros2_ws/install/dual_arm_demo/share/dual_arm_demo/meshes/left_arm
creating /home/look/ros2_ws/install/dual_arm_demo/share/dual_arm_demo/meshes/right_arm
symbolically linking /home/look/ros2_ws/build/dual_arm_demo/meshes/right_arm/Base_R.STL -> /home/look/ros2_ws/install/dual_arm_demo/share/dual_arm_demo/meshes/right_arm
symbolically linking /home/look/ros2_ws/build/dual_arm_demo/meshes/right_arm/Link1_R.STL -> /home/look/ros2_ws/install/dual_arm_demo/share/dual_arm_demo/meshes/right_arm
symbolically linking /home/look/ros2_ws/build/dual_arm_demo/meshes/right_arm/Link2_R.STL -> /home/look/ros2_ws/install/dual_arm_demo/share/dual_arm_demo/meshes/right_arm
symbolically linking /home/look/ros2_ws/build/dual_arm_demo/meshes/right_arm/Link3_R.STL -> /home/look/ros2_ws/install/dual_arm_demo/share/dual_arm_demo/meshes/right_arm
symbolically linking /home/look/ros2_ws/build/dual_arm_demo/meshes/right_arm/Link4_R.STL -> /home/look/ros2_ws/install/dual_arm_demo/share/dual_arm_demo/meshes/right_arm
symbolically linking /home/look/ros2_ws/build/dual_arm_demo/meshes/right_arm/Link5_R.STL -> /home/look/ros2_ws/install/dual_arm_demo/share/dual_arm_demo/meshes/right_arm
symbolically linking /home/look/ros2_ws/build/dual_arm_demo/meshes/right_arm/Link6_R.STL -> /home/look/ros2_ws/install/dual_arm_demo/share/dual_arm_demo/meshes/right_arm
symbolically linking /home/look/ros2_ws/build/dual_arm_demo/meshes/right_arm/Link7_R.STL -> /home/look/ros2_ws/install/dual_arm_demo/share/dual_arm_demo/meshes/right_arm
