[0.721s] Invoking command in '/home/look/ros2_ws/build/dual_arm_demo': DEBUGINFOD_URLS=https://debuginfod.ubuntu.com PYTHONPATH=/home/look/ros2_ws/build/dual_arm_demo/prefix_override:/usr/lib/python3/dist-packages/colcon_core/task/python/colcon_distutils_commands:/home/look/ros2_ws/install/dual_arm_demo/lib/python3.12/site-packages:${PYTHONPATH} /usr/bin/python3 -W ignore:setup.py install is deprecated -W ignore:easy_install command is deprecated setup.py develop --editable --build-directory /home/look/ros2_ws/build/dual_arm_demo/build --no-deps symlink_data
[0.966s] running develop
[1.125s] running egg_info
[1.125s] creating dual_arm_demo.egg-info
[1.141s] writing dual_arm_demo.egg-info/PKG-INFO
[1.141s] writing dependency_links to dual_arm_demo.egg-info/dependency_links.txt
[1.141s] writing entry points to dual_arm_demo.egg-info/entry_points.txt
[1.141s] writing requirements to dual_arm_demo.egg-info/requires.txt
[1.141s] writing top-level names to dual_arm_demo.egg-info/top_level.txt
[1.141s] writing manifest file 'dual_arm_demo.egg-info/SOURCES.txt'
[1.173s] reading manifest file 'dual_arm_demo.egg-info/SOURCES.txt'
[1.174s] writing manifest file 'dual_arm_demo.egg-info/SOURCES.txt'
[1.190s] running build_ext
[1.190s] Creating /home/look/ros2_ws/install/dual_arm_demo/lib/python3.12/site-packages/dual-arm-demo.egg-link (link to .)
[1.191s] Installing dual_arm_publisher script to /home/look/ros2_ws/install/dual_arm_demo/lib/dual_arm_demo
[1.191s] 
[1.191s] Installed /home/look/ros2_ws/build/dual_arm_demo
[1.191s] running symlink_data
[1.191s] creating /home/look/ros2_ws/install/dual_arm_demo/share/ament_index
[1.192s] creating /home/look/ros2_ws/install/dual_arm_demo/share/ament_index/resource_index
[1.192s] creating /home/look/ros2_ws/install/dual_arm_demo/share/ament_index/resource_index/packages
[1.192s] symbolically linking /home/look/ros2_ws/build/dual_arm_demo/resource/dual_arm_demo -> /home/look/ros2_ws/install/dual_arm_demo/share/ament_index/resource_index/packages
[1.192s] symbolically linking /home/look/ros2_ws/build/dual_arm_demo/package.xml -> /home/look/ros2_ws/install/dual_arm_demo/share/dual_arm_demo
[1.192s] creating /home/look/ros2_ws/install/dual_arm_demo/share/dual_arm_demo/launch
[1.192s] symbolically linking /home/look/ros2_ws/build/dual_arm_demo/launch/dual_arm_rviz.launch.py -> /home/look/ros2_ws/install/dual_arm_demo/share/dual_arm_demo/launch
[1.192s] creating /home/look/ros2_ws/install/dual_arm_demo/share/dual_arm_demo/urdf
[1.192s] symbolically linking /home/look/ros2_ws/build/dual_arm_demo/urdf/marvin_m6_l.urdf -> /home/look/ros2_ws/install/dual_arm_demo/share/dual_arm_demo/urdf
[1.192s] symbolically linking /home/look/ros2_ws/build/dual_arm_demo/urdf/marvin_m6_r.urdf -> /home/look/ros2_ws/install/dual_arm_demo/share/dual_arm_demo/urdf
[1.192s] creating /home/look/ros2_ws/install/dual_arm_demo/share/dual_arm_demo/meshes
[1.192s] creating /home/look/ros2_ws/install/dual_arm_demo/share/dual_arm_demo/meshes/left_arm
[1.192s] symbolically linking /home/look/ros2_ws/build/dual_arm_demo/meshes/left_arm/Base_L.STL -> /home/look/ros2_ws/install/dual_arm_demo/share/dual_arm_demo/meshes/left_arm
[1.192s] symbolically linking /home/look/ros2_ws/build/dual_arm_demo/meshes/left_arm/Link1_L.STL -> /home/look/ros2_ws/install/dual_arm_demo/share/dual_arm_demo/meshes/left_arm
[1.192s] symbolically linking /home/look/ros2_ws/build/dual_arm_demo/meshes/left_arm/Link2_L.STL -> /home/look/ros2_ws/install/dual_arm_demo/share/dual_arm_demo/meshes/left_arm
[1.192s] symbolically linking /home/look/ros2_ws/build/dual_arm_demo/meshes/left_arm/Link3_L.STL -> /home/look/ros2_ws/install/dual_arm_demo/share/dual_arm_demo/meshes/left_arm
[1.193s] symbolically linking /home/look/ros2_ws/build/dual_arm_demo/meshes/left_arm/Link4_L.STL -> /home/look/ros2_ws/install/dual_arm_demo/share/dual_arm_demo/meshes/left_arm
[1.193s] symbolically linking /home/look/ros2_ws/build/dual_arm_demo/meshes/left_arm/Link5_L.STL -> /home/look/ros2_ws/install/dual_arm_demo/share/dual_arm_demo/meshes/left_arm
[1.193s] symbolically linking /home/look/ros2_ws/build/dual_arm_demo/meshes/left_arm/Link6_L.STL -> /home/look/ros2_ws/install/dual_arm_demo/share/dual_arm_demo/meshes/left_arm
[1.193s] symbolically linking /home/look/ros2_ws/build/dual_arm_demo/meshes/left_arm/Link7_L.STL -> /home/look/ros2_ws/install/dual_arm_demo/share/dual_arm_demo/meshes/left_arm
[1.193s] creating /home/look/ros2_ws/install/dual_arm_demo/share/dual_arm_demo/meshes/right_arm
[1.193s] symbolically linking /home/look/ros2_ws/build/dual_arm_demo/meshes/right_arm/Base_R.STL -> /home/look/ros2_ws/install/dual_arm_demo/share/dual_arm_demo/meshes/right_arm
[1.193s] symbolically linking /home/look/ros2_ws/build/dual_arm_demo/meshes/right_arm/Link1_R.STL -> /home/look/ros2_ws/install/dual_arm_demo/share/dual_arm_demo/meshes/right_arm
[1.193s] symbolically linking /home/look/ros2_ws/build/dual_arm_demo/meshes/right_arm/Link2_R.STL -> /home/look/ros2_ws/install/dual_arm_demo/share/dual_arm_demo/meshes/right_arm
[1.193s] symbolically linking /home/look/ros2_ws/build/dual_arm_demo/meshes/right_arm/Link3_R.STL -> /home/look/ros2_ws/install/dual_arm_demo/share/dual_arm_demo/meshes/right_arm
[1.193s] symbolically linking /home/look/ros2_ws/build/dual_arm_demo/meshes/right_arm/Link4_R.STL -> /home/look/ros2_ws/install/dual_arm_demo/share/dual_arm_demo/meshes/right_arm
[1.193s] symbolically linking /home/look/ros2_ws/build/dual_arm_demo/meshes/right_arm/Link5_R.STL -> /home/look/ros2_ws/install/dual_arm_demo/share/dual_arm_demo/meshes/right_arm
[1.193s] symbolically linking /home/look/ros2_ws/build/dual_arm_demo/meshes/right_arm/Link6_R.STL -> /home/look/ros2_ws/install/dual_arm_demo/share/dual_arm_demo/meshes/right_arm
[1.193s] symbolically linking /home/look/ros2_ws/build/dual_arm_demo/meshes/right_arm/Link7_R.STL -> /home/look/ros2_ws/install/dual_arm_demo/share/dual_arm_demo/meshes/right_arm
[1.224s] Invoked command in '/home/look/ros2_ws/build/dual_arm_demo' returned '0': DEBUGINFOD_URLS=https://debuginfod.ubuntu.com PYTHONPATH=/home/look/ros2_ws/build/dual_arm_demo/prefix_override:/usr/lib/python3/dist-packages/colcon_core/task/python/colcon_distutils_commands:/home/look/ros2_ws/install/dual_arm_demo/lib/python3.12/site-packages:${PYTHONPATH} /usr/bin/python3 -W ignore:setup.py install is deprecated -W ignore:easy_install command is deprecated setup.py develop --editable --build-directory /home/look/ros2_ws/build/dual_arm_demo/build --no-deps symlink_data
