running develop
Removing /home/look/ros2_ws/install/dual_arm_demo/lib/python3.12/site-packages/dual-arm-demo.egg-link (link to .)
running egg_info
writing ../../build/dual_arm_demo/dual_arm_demo.egg-info/PKG-INFO
writing dependency_links to ../../build/dual_arm_demo/dual_arm_demo.egg-info/dependency_links.txt
writing entry points to ../../build/dual_arm_demo/dual_arm_demo.egg-info/entry_points.txt
writing requirements to ../../build/dual_arm_demo/dual_arm_demo.egg-info/requires.txt
writing top-level names to ../../build/dual_arm_demo/dual_arm_demo.egg-info/top_level.txt
reading manifest file '../../build/dual_arm_demo/dual_arm_demo.egg-info/SOURCES.txt'
writing manifest file '../../build/dual_arm_demo/dual_arm_demo.egg-info/SOURCES.txt'
running build
running build_py
creating /home/look/ros2_ws/build/dual_arm_demo/build
creating /home/look/ros2_ws/build/dual_arm_demo/build/lib
creating /home/look/ros2_ws/build/dual_arm_demo/build/lib/dual_arm_demo
copying dual_arm_demo/__init__.py -> /home/look/ros2_ws/build/dual_arm_demo/build/lib/dual_arm_demo
copying dual_arm_demo/dual_arm_publisher.py -> /home/look/ros2_ws/build/dual_arm_demo/build/lib/dual_arm_demo
running install
running install_lib
creating /home/look/ros2_ws/install/dual_arm_demo/lib/python3.12/site-packages/dual_arm_demo
copying /home/look/ros2_ws/build/dual_arm_demo/build/lib/dual_arm_demo/__init__.py -> /home/look/ros2_ws/install/dual_arm_demo/lib/python3.12/site-packages/dual_arm_demo
copying /home/look/ros2_ws/build/dual_arm_demo/build/lib/dual_arm_demo/dual_arm_publisher.py -> /home/look/ros2_ws/install/dual_arm_demo/lib/python3.12/site-packages/dual_arm_demo
byte-compiling /home/look/ros2_ws/install/dual_arm_demo/lib/python3.12/site-packages/dual_arm_demo/__init__.py to __init__.cpython-312.pyc
byte-compiling /home/look/ros2_ws/install/dual_arm_demo/lib/python3.12/site-packages/dual_arm_demo/dual_arm_publisher.py to dual_arm_publisher.cpython-312.pyc
running install_data
copying resource/dual_arm_demo -> /home/look/ros2_ws/install/dual_arm_demo/share/ament_index/resource_index/packages
copying package.xml -> /home/look/ros2_ws/install/dual_arm_demo/share/dual_arm_demo
copying launch/dual_arm_rviz.launch.py -> /home/look/ros2_ws/install/dual_arm_demo/share/dual_arm_demo/launch
copying urdf/marvin_m6_l.urdf -> /home/look/ros2_ws/install/dual_arm_demo/share/dual_arm_demo/urdf
copying urdf/marvin_m6_r.urdf -> /home/look/ros2_ws/install/dual_arm_demo/share/dual_arm_demo/urdf
copying meshes/left_arm/Base_L.STL -> /home/look/ros2_ws/install/dual_arm_demo/share/dual_arm_demo/meshes/left_arm
copying meshes/left_arm/Link1_L.STL -> /home/look/ros2_ws/install/dual_arm_demo/share/dual_arm_demo/meshes/left_arm
copying meshes/left_arm/Link2_L.STL -> /home/look/ros2_ws/install/dual_arm_demo/share/dual_arm_demo/meshes/left_arm
copying meshes/left_arm/Link3_L.STL -> /home/look/ros2_ws/install/dual_arm_demo/share/dual_arm_demo/meshes/left_arm
copying meshes/left_arm/Link4_L.STL -> /home/look/ros2_ws/install/dual_arm_demo/share/dual_arm_demo/meshes/left_arm
copying meshes/left_arm/Link5_L.STL -> /home/look/ros2_ws/install/dual_arm_demo/share/dual_arm_demo/meshes/left_arm
copying meshes/left_arm/Link6_L.STL -> /home/look/ros2_ws/install/dual_arm_demo/share/dual_arm_demo/meshes/left_arm
copying meshes/left_arm/Link7_L.STL -> /home/look/ros2_ws/install/dual_arm_demo/share/dual_arm_demo/meshes/left_arm
copying meshes/right_arm/Base_R.STL -> /home/look/ros2_ws/install/dual_arm_demo/share/dual_arm_demo/meshes/right_arm
copying meshes/right_arm/Link1_R.STL -> /home/look/ros2_ws/install/dual_arm_demo/share/dual_arm_demo/meshes/right_arm
copying meshes/right_arm/Link2_R.STL -> /home/look/ros2_ws/install/dual_arm_demo/share/dual_arm_demo/meshes/right_arm
copying meshes/right_arm/Link3_R.STL -> /home/look/ros2_ws/install/dual_arm_demo/share/dual_arm_demo/meshes/right_arm
copying meshes/right_arm/Link4_R.STL -> /home/look/ros2_ws/install/dual_arm_demo/share/dual_arm_demo/meshes/right_arm
copying meshes/right_arm/Link5_R.STL -> /home/look/ros2_ws/install/dual_arm_demo/share/dual_arm_demo/meshes/right_arm
copying meshes/right_arm/Link6_R.STL -> /home/look/ros2_ws/install/dual_arm_demo/share/dual_arm_demo/meshes/right_arm
copying meshes/right_arm/Link7_R.STL -> /home/look/ros2_ws/install/dual_arm_demo/share/dual_arm_demo/meshes/right_arm
running install_egg_info
Copying ../../build/dual_arm_demo/dual_arm_demo.egg-info to /home/look/ros2_ws/install/dual_arm_demo/lib/python3.12/site-packages/dual_arm_demo-0.0.0-py3.12.egg-info
running install_scripts
Installing dual_arm_publisher script to /home/look/ros2_ws/install/dual_arm_demo/lib/dual_arm_demo
writing list of installed files to '/home/look/ros2_ws/build/dual_arm_demo/install.log'
