/home/look/ros2_ws/install/dual_arm_demo/lib/python3.12/site-packages/dual_arm_demo/__init__.py
/home/look/ros2_ws/install/dual_arm_demo/lib/python3.12/site-packages/dual_arm_demo/dual_arm_publisher.py
/home/look/ros2_ws/install/dual_arm_demo/lib/python3.12/site-packages/dual_arm_demo/pvt_player.py
/home/look/ros2_ws/install/dual_arm_demo/lib/python3.12/site-packages/dual_arm_demo/getAB.py
/home/look/ros2_ws/install/dual_arm_demo/lib/python3.12/site-packages/dual_arm_demo/joint_points_player.py
/home/look/ros2_ws/install/dual_arm_demo/lib/python3.12/site-packages/dual_arm_demo/__pycache__/__init__.cpython-312.pyc
/home/look/ros2_ws/install/dual_arm_demo/lib/python3.12/site-packages/dual_arm_demo/__pycache__/dual_arm_publisher.cpython-312.pyc
/home/look/ros2_ws/install/dual_arm_demo/lib/python3.12/site-packages/dual_arm_demo/__pycache__/pvt_player.cpython-312.pyc
/home/look/ros2_ws/install/dual_arm_demo/lib/python3.12/site-packages/dual_arm_demo/__pycache__/getAB.cpython-312.pyc
/home/look/ros2_ws/install/dual_arm_demo/lib/python3.12/site-packages/dual_arm_demo/__pycache__/joint_points_player.cpython-312.pyc
/home/look/ros2_ws/install/dual_arm_demo/share/ament_index/resource_index/packages/dual_arm_demo
/home/look/ros2_ws/install/dual_arm_demo/share/dual_arm_demo/package.xml
/home/look/ros2_ws/install/dual_arm_demo/share/dual_arm_demo/launch/dual_arm_rviz.launch.py
/home/look/ros2_ws/install/dual_arm_demo/share/dual_arm_demo/urdf/marvin_m6_l.urdf
/home/look/ros2_ws/install/dual_arm_demo/share/dual_arm_demo/urdf/marvin_m6_r.urdf
/home/look/ros2_ws/install/dual_arm_demo/share/dual_arm_demo/meshes/left_arm/Base_L.STL
/home/look/ros2_ws/install/dual_arm_demo/share/dual_arm_demo/meshes/left_arm/Link1_L.STL
/home/look/ros2_ws/install/dual_arm_demo/share/dual_arm_demo/meshes/left_arm/Link2_L.STL
/home/look/ros2_ws/install/dual_arm_demo/share/dual_arm_demo/meshes/left_arm/Link3_L.STL
/home/look/ros2_ws/install/dual_arm_demo/share/dual_arm_demo/meshes/left_arm/Link4_L.STL
/home/look/ros2_ws/install/dual_arm_demo/share/dual_arm_demo/meshes/left_arm/Link5_L.STL
/home/look/ros2_ws/install/dual_arm_demo/share/dual_arm_demo/meshes/left_arm/Link6_L.STL
/home/look/ros2_ws/install/dual_arm_demo/share/dual_arm_demo/meshes/left_arm/Link7_L.STL
/home/look/ros2_ws/install/dual_arm_demo/share/dual_arm_demo/meshes/right_arm/Base_R.STL
/home/look/ros2_ws/install/dual_arm_demo/share/dual_arm_demo/meshes/right_arm/Link1_R.STL
/home/look/ros2_ws/install/dual_arm_demo/share/dual_arm_demo/meshes/right_arm/Link2_R.STL
/home/look/ros2_ws/install/dual_arm_demo/share/dual_arm_demo/meshes/right_arm/Link3_R.STL
/home/look/ros2_ws/install/dual_arm_demo/share/dual_arm_demo/meshes/right_arm/Link4_R.STL
/home/look/ros2_ws/install/dual_arm_demo/share/dual_arm_demo/meshes/right_arm/Link5_R.STL
/home/look/ros2_ws/install/dual_arm_demo/share/dual_arm_demo/meshes/right_arm/Link6_R.STL
/home/look/ros2_ws/install/dual_arm_demo/share/dual_arm_demo/meshes/right_arm/Link7_R.STL
/home/look/ros2_ws/install/dual_arm_demo/lib/python3.12/site-packages/dual_arm_demo-0.0.0-py3.12.egg-info/dependency_links.txt
/home/look/ros2_ws/install/dual_arm_demo/lib/python3.12/site-packages/dual_arm_demo-0.0.0-py3.12.egg-info/entry_points.txt
/home/look/ros2_ws/install/dual_arm_demo/lib/python3.12/site-packages/dual_arm_demo-0.0.0-py3.12.egg-info/PKG-INFO
/home/look/ros2_ws/install/dual_arm_demo/lib/python3.12/site-packages/dual_arm_demo-0.0.0-py3.12.egg-info/top_level.txt
/home/look/ros2_ws/install/dual_arm_demo/lib/python3.12/site-packages/dual_arm_demo-0.0.0-py3.12.egg-info/SOURCES.txt
/home/look/ros2_ws/install/dual_arm_demo/lib/python3.12/site-packages/dual_arm_demo-0.0.0-py3.12.egg-info/zip-safe
/home/look/ros2_ws/install/dual_arm_demo/lib/python3.12/site-packages/dual_arm_demo-0.0.0-py3.12.egg-info/requires.txt
/home/look/ros2_ws/install/dual_arm_demo/lib/dual_arm_demo/dual_arm_publisher
/home/look/ros2_ws/install/dual_arm_demo/lib/dual_arm_demo/getAB
/home/look/ros2_ws/install/dual_arm_demo/lib/dual_arm_demo/joint_points_player
/home/look/ros2_ws/install/dual_arm_demo/lib/dual_arm_demo/pvt_player
